// Jest Snapshot v1, https://goo.gl/fbAQLP

exports[`FilmCard render card 1`] = `ShallowWrapper {}`;
